05:16:50:612 [ALWAYS]	GUDE Logging Started
05:16:50:701 [INFO]	gude policy POLICY_USER limit (4,4,1) chunk 2097152, chunking (UL 0 DL 1), resXfer 1, adapt 0, NSURL 1, timeout 86400 
05:16:50:702 [INFO]	Initialized -- gude-lib version: v0.10.4 app: gude
05:16:52:819 [WARN]	Request Failed. ErrorCode: 112007 errorMessage: Platform Status, Send Request Failed. WinHTTP Name Not Resolved. last error code = 12007 
05:16:54:836 [WARN]	Request Failed. ErrorCode: 112007 errorMessage: Platform Status, Send Request Failed. WinHTTP Name Not Resolved. last error code = 12007 
05:17:00:843 [WARN]	Request Failed. ErrorCode: 112007 errorMessage: Platform Status, Send Request Failed. WinHTTP Name Not Resolved. last error code = 12007 
05:17:12:861 [WARN]	Request Failed. ErrorCode: 112007 errorMessage: Platform Status, Send Request Failed. WinHTTP Name Not Resolved. last error code = 12007 
05:17:20:865 [WARN]	Request Failed. ErrorCode: 112007 errorMessage: Platform Status, Send Request Failed. WinHTTP Name Not Resolved. last error code = 12007 
05:17:22:871 [WARN]	Request Failed. ErrorCode: 112007 errorMessage: Platform Status, Send Request Failed. WinHTTP Name Not Resolved. last error code = 12007 
05:17:46:875 [WARN]	Request Failed. ErrorCode: 112007 errorMessage: Platform Status, Send Request Failed. WinHTTP Name Not Resolved. last error code = 12007 
05:18:30:888 [WARN]	Request Failed. ErrorCode: 112007 errorMessage: Platform Status, Send Request Failed. WinHTTP Name Not Resolved. last error code = 12007 
05:18:58:895 [WARN]	Request Failed. ErrorCode: 112007 errorMessage: Platform Status, Send Request Failed. WinHTTP Name Not Resolved. last error code = 12007 
05:19:34:900 [WARN]	Request Failed. ErrorCode: 112007 errorMessage: Platform Status, Send Request Failed. WinHTTP Name Not Resolved. last error code = 12007 
05:20:06:906 [WARN]	Request Failed. ErrorCode: 112007 errorMessage: Platform Status, Send Request Failed. WinHTTP Name Not Resolved. last error code = 12007 
05:20:24:917 [WARN]	Request Failed. ErrorCode: 112007 errorMessage: Platform Status, Send Request Failed. WinHTTP Name Not Resolved. last error code = 12007 
05:20:58:930 [WARN]	Request Failed. ErrorCode: 112007 errorMessage: Platform Status, Send Request Failed. WinHTTP Name Not Resolved. last error code = 12007 
05:21:32:935 [WARN]	Request Failed. ErrorCode: 112007 errorMessage: Platform Status, Send Request Failed. WinHTTP Name Not Resolved. last error code = 12007 
05:22:26:939 [WARN]	Request Failed. ErrorCode: 112007 errorMessage: Platform Status, Send Request Failed. WinHTTP Name Not Resolved. last error code = 12007 
05:22:44:950 [WARN]	Request Failed. ErrorCode: 112007 errorMessage: Platform Status, Send Request Failed. WinHTTP Name Not Resolved. last error code = 12007 
05:23:06:962 [WARN]	Request Failed. ErrorCode: 112007 errorMessage: Platform Status, Send Request Failed. WinHTTP Name Not Resolved. last error code = 12007 
05:23:44:972 [WARN]	Request Failed. ErrorCode: 112007 errorMessage: Platform Status, Send Request Failed. WinHTTP Name Not Resolved. last error code = 12007 
05:23:56:976 [WARN]	Request Failed. ErrorCode: 112007 errorMessage: Platform Status, Send Request Failed. WinHTTP Name Not Resolved. last error code = 12007 
05:24:50:981 [WARN]	Request Failed. ErrorCode: 112007 errorMessage: Platform Status, Send Request Failed. WinHTTP Name Not Resolved. last error code = 12007 
05:25:46:986 [WARN]	Request Failed. ErrorCode: 112007 errorMessage: Platform Status, Send Request Failed. WinHTTP Name Not Resolved. last error code = 12007 
05:26:00:989 [WARN]	Request Failed. ErrorCode: 112007 errorMessage: Platform Status, Send Request Failed. WinHTTP Name Not Resolved. last error code = 12007 
05:26:24:993 [WARN]	Request Failed. ErrorCode: 112007 errorMessage: Platform Status, Send Request Failed. WinHTTP Name Not Resolved. last error code = 12007 
05:27:24:998 [WARN]	Request Failed. ErrorCode: 112007 errorMessage: Platform Status, Send Request Failed. WinHTTP Name Not Resolved. last error code = 12007 
05:28:15:003 [WARN]	Request Failed. ErrorCode: 112007 errorMessage: Platform Status, Send Request Failed. WinHTTP Name Not Resolved. last error code = 12007 
05:28:23:015 [WARN]	Request Failed. ErrorCode: 112007 errorMessage: Platform Status, Send Request Failed. WinHTTP Name Not Resolved. last error code = 12007 
05:29:23:027 [WARN]	Request Failed. ErrorCode: 112007 errorMessage: Platform Status, Send Request Failed. WinHTTP Name Not Resolved. last error code = 12007 
05:29:49:038 [WARN]	Request Failed. ErrorCode: 112007 errorMessage: Platform Status, Send Request Failed. WinHTTP Name Not Resolved. last error code = 12007 
05:30:45:043 [WARN]	Request Failed. ErrorCode: 112007 errorMessage: Platform Status, Send Request Failed. WinHTTP Name Not Resolved. last error code = 12007 
05:30:57:049 [WARN]	Request Failed. ErrorCode: 112007 errorMessage: Platform Status, Send Request Failed. WinHTTP Name Not Resolved. last error code = 12007 
05:31:43:057 [WARN]	Request Failed. ErrorCode: 112007 errorMessage: Platform Status, Send Request Failed. WinHTTP Name Not Resolved. last error code = 12007 
05:31:57:063 [WARN]	Request Failed. ErrorCode: 112007 errorMessage: Platform Status, Send Request Failed. WinHTTP Name Not Resolved. last error code = 12007 
05:32:57:071 [WARN]	Request Failed. ErrorCode: 112007 errorMessage: Platform Status, Send Request Failed. WinHTTP Name Not Resolved. last error code = 12007 
05:33:35:085 [WARN]	Request Failed. ErrorCode: 112007 errorMessage: Platform Status, Send Request Failed. WinHTTP Name Not Resolved. last error code = 12007 
05:34:11:087 [WARN]	Request Failed. ErrorCode: 112007 errorMessage: Platform Status, Send Request Failed. WinHTTP Name Not Resolved. last error code = 12007 
05:34:37:087 [WARN]	Request Failed. ErrorCode: 112007 errorMessage: Platform Status, Send Request Failed. WinHTTP Name Not Resolved. last error code = 12007 
05:34:53:090 [WARN]	Request Failed. ErrorCode: 112007 errorMessage: Platform Status, Send Request Failed. WinHTTP Name Not Resolved. last error code = 12007 
05:34:59:102 [WARN]	Request Failed. ErrorCode: 112007 errorMessage: Platform Status, Send Request Failed. WinHTTP Name Not Resolved. last error code = 12007 
05:35:53:106 [WARN]	Request Failed. ErrorCode: 112007 errorMessage: Platform Status, Send Request Failed. WinHTTP Name Not Resolved. last error code = 12007 
05:36:15:108 [WARN]	Request Failed. ErrorCode: 112007 errorMessage: Platform Status, Send Request Failed. WinHTTP Name Not Resolved. last error code = 12007 
05:36:27:118 [WARN]	Request Failed. ErrorCode: 112007 errorMessage: Platform Status, Send Request Failed. WinHTTP Name Not Resolved. last error code = 12007 
05:37:29:124 [WARN]	Request Failed. ErrorCode: 112007 errorMessage: Platform Status, Send Request Failed. WinHTTP Name Not Resolved. last error code = 12007 
05:37:35:128 [WARN]	Request Failed. ErrorCode: 112007 errorMessage: Platform Status, Send Request Failed. WinHTTP Name Not Resolved. last error code = 12007 
05:38:27:130 [WARN]	Request Failed. ErrorCode: 112007 errorMessage: Platform Status, Send Request Failed. WinHTTP Name Not Resolved. last error code = 12007 
05:39:25:138 [WARN]	Request Failed. ErrorCode: 112007 errorMessage: Platform Status, Send Request Failed. WinHTTP Name Not Resolved. last error code = 12007 
05:39:43:146 [WARN]	Request Failed. ErrorCode: 112007 errorMessage: Platform Status, Send Request Failed. WinHTTP Name Not Resolved. last error code = 12007 
05:40:31:143 [WARN]	Request Failed. ErrorCode: 112007 errorMessage: Platform Status, Send Request Failed. WinHTTP Name Not Resolved. last error code = 12007 
05:40:41:154 [WARN]	Request Failed. ErrorCode: 112007 errorMessage: Platform Status, Send Request Failed. WinHTTP Name Not Resolved. last error code = 12007 
05:41:43:150 [WARN]	Request Failed. ErrorCode: 112007 errorMessage: Platform Status, Send Request Failed. WinHTTP Name Not Resolved. last error code = 12007 
05:42:41:153 [WARN]	Request Failed. ErrorCode: 112007 errorMessage: Platform Status, Send Request Failed. WinHTTP Name Not Resolved. last error code = 12007 
05:43:21:155 [WARN]	Request Failed. ErrorCode: 112007 errorMessage: Platform Status, Send Request Failed. WinHTTP Name Not Resolved. last error code = 12007 
05:43:43:155 [WARN]	Request Failed. ErrorCode: 112007 errorMessage: Platform Status, Send Request Failed. WinHTTP Name Not Resolved. last error code = 12007 
05:44:39:163 [WARN]	Request Failed. ErrorCode: 112007 errorMessage: Platform Status, Send Request Failed. WinHTTP Name Not Resolved. last error code = 12007 
05:45:23:168 [WARN]	Request Failed. ErrorCode: 112007 errorMessage: Platform Status, Send Request Failed. WinHTTP Name Not Resolved. last error code = 12007 
05:46:05:167 [WARN]	Request Failed. ErrorCode: 112007 errorMessage: Platform Status, Send Request Failed. WinHTTP Name Not Resolved. last error code = 12007 
05:46:15:180 [WARN]	Request Failed. ErrorCode: 112007 errorMessage: Platform Status, Send Request Failed. WinHTTP Name Not Resolved. last error code = 12007 
05:47:09:177 [WARN]	Request Failed. ErrorCode: 112007 errorMessage: Platform Status, Send Request Failed. WinHTTP Name Not Resolved. last error code = 12007 
05:47:47:177 [WARN]	Request Failed. ErrorCode: 112007 errorMessage: Platform Status, Send Request Failed. WinHTTP Name Not Resolved. last error code = 12007 
05:48:13:182 [WARN]	Request Failed. ErrorCode: 112007 errorMessage: Platform Status, Send Request Failed. WinHTTP Name Not Resolved. last error code = 12007 
05:48:31:184 [WARN]	Request Failed. ErrorCode: 112007 errorMessage: Platform Status, Send Request Failed. WinHTTP Name Not Resolved. last error code = 12007 
05:48:51:185 [WARN]	Request Failed. ErrorCode: 112007 errorMessage: Platform Status, Send Request Failed. WinHTTP Name Not Resolved. last error code = 12007 
05:49:47:188 [WARN]	Request Failed. ErrorCode: 112007 errorMessage: Platform Status, Send Request Failed. WinHTTP Name Not Resolved. last error code = 12007 
05:50:41:184 [WARN]	Request Failed. ErrorCode: 112007 errorMessage: Platform Status, Send Request Failed. WinHTTP Name Not Resolved. last error code = 12007 
05:51:09:185 [WARN]	Request Failed. ErrorCode: 112007 errorMessage: Platform Status, Send Request Failed. WinHTTP Name Not Resolved. last error code = 12007 
05:51:45:188 [WARN]	Request Failed. ErrorCode: 112007 errorMessage: Platform Status, Send Request Failed. WinHTTP Name Not Resolved. last error code = 12007 
05:51:45:191 [WARN]	Request Failed. ErrorCode: 112007 errorMessage: Platform Status, Send Request Failed. WinHTTP Name Not Resolved. last error code = 12007 
05:52:37:192 [WARN]	Request Failed. ErrorCode: 112007 errorMessage: Platform Status, Send Request Failed. WinHTTP Name Not Resolved. last error code = 12007 
05:53:09:194 [WARN]	Request Failed. ErrorCode: 112007 errorMessage: Platform Status, Send Request Failed. WinHTTP Name Not Resolved. last error code = 12007 
05:53:37:195 [WARN]	Request Failed. ErrorCode: 112007 errorMessage: Platform Status, Send Request Failed. WinHTTP Name Not Resolved. last error code = 12007 
05:53:37:200 [WARN]	Request Failed. ErrorCode: 112007 errorMessage: Platform Status, Send Request Failed. WinHTTP Name Not Resolved. last error code = 12007 
05:54:25:201 [WARN]	Request Failed. ErrorCode: 112007 errorMessage: Platform Status, Send Request Failed. WinHTTP Name Not Resolved. last error code = 12007 
05:55:09:200 [WARN]	Request Failed. ErrorCode: 112007 errorMessage: Platform Status, Send Request Failed. WinHTTP Name Not Resolved. last error code = 12007 
05:56:07:204 [WARN]	Request Failed. ErrorCode: 112007 errorMessage: Platform Status, Send Request Failed. WinHTTP Name Not Resolved. last error code = 12007 
05:56:43:204 [WARN]	Request Failed. ErrorCode: 112007 errorMessage: Platform Status, Send Request Failed. WinHTTP Name Not Resolved. last error code = 12007 
05:57:01:209 [WARN]	Request Failed. ErrorCode: 112007 errorMessage: Platform Status, Send Request Failed. WinHTTP Name Not Resolved. last error code = 12007 
05:57:37:210 [WARN]	Request Failed. ErrorCode: 112007 errorMessage: Platform Status, Send Request Failed. WinHTTP Name Not Resolved. last error code = 12007 
05:58:21:210 [WARN]	Request Failed. ErrorCode: 112007 errorMessage: Platform Status, Send Request Failed. WinHTTP Name Not Resolved. last error code = 12007 
05:59:21:208 [WARN]	Request Failed. ErrorCode: 112007 errorMessage: Platform Status, Send Request Failed. WinHTTP Name Not Resolved. last error code = 12007 
06:00:19:215 [WARN]	Request Failed. ErrorCode: 112007 errorMessage: Platform Status, Send Request Failed. WinHTTP Name Not Resolved. last error code = 12007 
06:00:37:227 [WARN]	Request Failed. ErrorCode: 112007 errorMessage: Platform Status, Send Request Failed. WinHTTP Name Not Resolved. last error code = 12007 
06:01:33:225 [WARN]	Request Failed. ErrorCode: 112007 errorMessage: Platform Status, Send Request Failed. WinHTTP Name Not Resolved. last error code = 12007 
06:01:59:226 [WARN]	Request Failed. ErrorCode: 112007 errorMessage: Platform Status, Send Request Failed. WinHTTP Name Not Resolved. last error code = 12007 
06:02:29:232 [WARN]	Request Failed. ErrorCode: 112007 errorMessage: Platform Status, Send Request Failed. WinHTTP Name Not Resolved. last error code = 12007 
06:03:09:235 [WARN]	Request Failed. ErrorCode: 112007 errorMessage: Platform Status, Send Request Failed. WinHTTP Name Not Resolved. last error code = 12007 
06:03:45:237 [WARN]	Request Failed. ErrorCode: 112007 errorMessage: Platform Status, Send Request Failed. WinHTTP Name Not Resolved. last error code = 12007 
06:03:53:247 [WARN]	Request Failed. ErrorCode: 112007 errorMessage: Platform Status, Send Request Failed. WinHTTP Name Not Resolved. last error code = 12007 
06:03:53:250 [WARN]	Request Failed. ErrorCode: 112007 errorMessage: Platform Status, Send Request Failed. WinHTTP Name Not Resolved. last error code = 12007 
06:04:05:253 [WARN]	Request Failed. ErrorCode: 112007 errorMessage: Platform Status, Send Request Failed. WinHTTP Name Not Resolved. last error code = 12007 
06:04:37:261 [WARN]	Request Failed. ErrorCode: 112007 errorMessage: Platform Status, Send Request Failed. WinHTTP Name Not Resolved. last error code = 12007 
06:04:59:262 [WARN]	Request Failed. ErrorCode: 112007 errorMessage: Platform Status, Send Request Failed. WinHTTP Name Not Resolved. last error code = 12007 
06:05:07:267 [WARN]	Request Failed. ErrorCode: 112007 errorMessage: Platform Status, Send Request Failed. WinHTTP Name Not Resolved. last error code = 12007 
06:05:39:275 [WARN]	Request Failed. ErrorCode: 112007 errorMessage: Platform Status, Send Request Failed. WinHTTP Name Not Resolved. last error code = 12007 
06:06:25:281 [WARN]	Request Failed. ErrorCode: 112007 errorMessage: Platform Status, Send Request Failed. WinHTTP Name Not Resolved. last error code = 12007 
06:07:01:284 [WARN]	Request Failed. ErrorCode: 112007 errorMessage: Platform Status, Send Request Failed. WinHTTP Name Not Resolved. last error code = 12007 
06:07:55:282 [WARN]	Request Failed. ErrorCode: 112007 errorMessage: Platform Status, Send Request Failed. WinHTTP Name Not Resolved. last error code = 12007 
06:07:57:285 [WARN]	Request Failed. ErrorCode: 112007 errorMessage: Platform Status, Send Request Failed. WinHTTP Name Not Resolved. last error code = 12007 
06:08:01:288 [WARN]	Request Failed. ErrorCode: 112007 errorMessage: Platform Status, Send Request Failed. WinHTTP Name Not Resolved. last error code = 12007 
06:08:45:297 [WARN]	Request Failed. ErrorCode: 112007 errorMessage: Platform Status, Send Request Failed. WinHTTP Name Not Resolved. last error code = 12007 
06:08:49:302 [WARN]	Request Failed. ErrorCode: 112007 errorMessage: Platform Status, Send Request Failed. WinHTTP Name Not Resolved. last error code = 12007 
06:09:23:311 [WARN]	Request Failed. ErrorCode: 112007 errorMessage: Platform Status, Send Request Failed. WinHTTP Name Not Resolved. last error code = 12007 
06:10:21:312 [WARN]	Request Failed. ErrorCode: 112007 errorMessage: Platform Status, Send Request Failed. WinHTTP Name Not Resolved. last error code = 12007 
06:10:23:316 [WARN]	Request Failed. ErrorCode: 112007 errorMessage: Platform Status, Send Request Failed. WinHTTP Name Not Resolved. last error code = 12007 
06:10:45:324 [WARN]	Request Failed. ErrorCode: 112007 errorMessage: Platform Status, Send Request Failed. WinHTTP Name Not Resolved. last error code = 12007 
06:11:47:325 [WARN]	Request Failed. ErrorCode: 112007 errorMessage: Platform Status, Send Request Failed. WinHTTP Name Not Resolved. last error code = 12007 
06:12:39:333 [WARN]	Request Failed. ErrorCode: 112007 errorMessage: Platform Status, Send Request Failed. WinHTTP Name Not Resolved. last error code = 12007 
06:13:11:335 [WARN]	Request Failed. ErrorCode: 112007 errorMessage: Platform Status, Send Request Failed. WinHTTP Name Not Resolved. last error code = 12007 
06:13:31:338 [WARN]	Request Failed. ErrorCode: 112007 errorMessage: Platform Status, Send Request Failed. WinHTTP Name Not Resolved. last error code = 12007 
06:14:21:339 [WARN]	Request Failed. ErrorCode: 112007 errorMessage: Platform Status, Send Request Failed. WinHTTP Name Not Resolved. last error code = 12007 
06:14:25:349 [WARN]	Request Failed. ErrorCode: 112007 errorMessage: Platform Status, Send Request Failed. WinHTTP Name Not Resolved. last error code = 12007 
06:15:15:349 [WARN]	Request Failed. ErrorCode: 112007 errorMessage: Platform Status, Send Request Failed. WinHTTP Name Not Resolved. last error code = 12007 
06:15:51:352 [WARN]	Request Failed. ErrorCode: 112007 errorMessage: Platform Status, Send Request Failed. WinHTTP Name Not Resolved. last error code = 12007 
06:16:49:358 [WARN]	Request Failed. ErrorCode: 112007 errorMessage: Platform Status, Send Request Failed. WinHTTP Name Not Resolved. last error code = 12007 
06:17:07:361 [WARN]	Request Failed. ErrorCode: 112007 errorMessage: Platform Status, Send Request Failed. WinHTTP Name Not Resolved. last error code = 12007 
06:17:31:363 [WARN]	Request Failed. ErrorCode: 112007 errorMessage: Platform Status, Send Request Failed. WinHTTP Name Not Resolved. last error code = 12007 
06:17:31:370 [WARN]	Request Failed. ErrorCode: 112007 errorMessage: Platform Status, Send Request Failed. WinHTTP Name Not Resolved. last error code = 12007 
06:18:31:377 [WARN]	Request Failed. ErrorCode: 112007 errorMessage: Platform Status, Send Request Failed. WinHTTP Name Not Resolved. last error code = 12007 
06:18:41:380 [WARN]	Request Failed. ErrorCode: 112007 errorMessage: Platform Status, Send Request Failed. WinHTTP Name Not Resolved. last error code = 12007 
06:19:31:380 [WARN]	Request Failed. ErrorCode: 112007 errorMessage: Platform Status, Send Request Failed. WinHTTP Name Not Resolved. last error code = 12007 
06:20:13:382 [WARN]	Request Failed. ErrorCode: 112007 errorMessage: Platform Status, Send Request Failed. WinHTTP Name Not Resolved. last error code = 12007 
06:20:31:384 [WARN]	Request Failed. ErrorCode: 112007 errorMessage: Platform Status, Send Request Failed. WinHTTP Name Not Resolved. last error code = 12007 
06:20:31:387 [WARN]	Request Failed. ErrorCode: 112007 errorMessage: Platform Status, Send Request Failed. WinHTTP Name Not Resolved. last error code = 12007 
06:21:07:395 [WARN]	Request Failed. ErrorCode: 112007 errorMessage: Platform Status, Send Request Failed. WinHTTP Name Not Resolved. last error code = 12007 
06:21:27:405 [WARN]	Request Failed. ErrorCode: 112007 errorMessage: Platform Status, Send Request Failed. WinHTTP Name Not Resolved. last error code = 12007 
06:21:45:413 [WARN]	Request Failed. ErrorCode: 112007 errorMessage: Platform Status, Send Request Failed. WinHTTP Name Not Resolved. last error code = 12007 
06:22:09:415 [WARN]	Request Failed. ErrorCode: 112007 errorMessage: Platform Status, Send Request Failed. WinHTTP Name Not Resolved. last error code = 12007 
06:22:47:417 [WARN]	Request Failed. ErrorCode: 112007 errorMessage: Platform Status, Send Request Failed. WinHTTP Name Not Resolved. last error code = 12007 
06:23:49:418 [WARN]	Request Failed. ErrorCode: 112007 errorMessage: Platform Status, Send Request Failed. WinHTTP Name Not Resolved. last error code = 12007 
06:24:03:420 [WARN]	Request Failed. ErrorCode: 112007 errorMessage: Platform Status, Send Request Failed. WinHTTP Name Not Resolved. last error code = 12007 
06:24:47:421 [WARN]	Request Failed. ErrorCode: 112007 errorMessage: Platform Status, Send Request Failed. WinHTTP Name Not Resolved. last error code = 12007 
06:25:49:423 [WARN]	Request Failed. ErrorCode: 112007 errorMessage: Platform Status, Send Request Failed. WinHTTP Name Not Resolved. last error code = 12007 
06:26:29:432 [WARN]	Request Failed. ErrorCode: 112007 errorMessage: Platform Status, Send Request Failed. WinHTTP Name Not Resolved. last error code = 12007 
06:27:13:434 [WARN]	Request Failed. ErrorCode: 112007 errorMessage: Platform Status, Send Request Failed. WinHTTP Name Not Resolved. last error code = 12007 
06:28:13:434 [WARN]	Request Failed. ErrorCode: 112007 errorMessage: Platform Status, Send Request Failed. WinHTTP Name Not Resolved. last error code = 12007 
06:28:39:444 [WARN]	Request Failed. ErrorCode: 112007 errorMessage: Platform Status, Send Request Failed. WinHTTP Name Not Resolved. last error code = 12007 
06:29:35:446 [WARN]	Request Failed. ErrorCode: 112007 errorMessage: Platform Status, Send Request Failed. WinHTTP Name Not Resolved. last error code = 12007 
06:30:03:454 [WARN]	Request Failed. ErrorCode: 112007 errorMessage: Platform Status, Send Request Failed. WinHTTP Name Not Resolved. last error code = 12007 
06:30:15:456 [WARN]	Request Failed. ErrorCode: 112007 errorMessage: Platform Status, Send Request Failed. WinHTTP Name Not Resolved. last error code = 12007 
06:30:21:468 [WARN]	Request Failed. ErrorCode: 112007 errorMessage: Platform Status, Send Request Failed. WinHTTP Name Not Resolved. last error code = 12007 
06:30:51:471 [WARN]	Request Failed. ErrorCode: 112007 errorMessage: Platform Status, Send Request Failed. WinHTTP Name Not Resolved. last error code = 12007 
06:31:37:473 [WARN]	Request Failed. ErrorCode: 112007 errorMessage: Platform Status, Send Request Failed. WinHTTP Name Not Resolved. last error code = 12007 
06:31:55:476 [WARN]	Request Failed. ErrorCode: 112007 errorMessage: Platform Status, Send Request Failed. WinHTTP Name Not Resolved. last error code = 12007 
06:31:57:479 [WARN]	Request Failed. ErrorCode: 112007 errorMessage: Platform Status, Send Request Failed. WinHTTP Name Not Resolved. last error code = 12007 
06:32:59:483 [WARN]	Request Failed. ErrorCode: 112007 errorMessage: Platform Status, Send Request Failed. WinHTTP Name Not Resolved. last error code = 12007 
06:33:17:486 [WARN]	Request Failed. ErrorCode: 112007 errorMessage: Platform Status, Send Request Failed. WinHTTP Name Not Resolved. last error code = 12007 
06:33:47:497 [WARN]	Request Failed. ErrorCode: 112007 errorMessage: Platform Status, Send Request Failed. WinHTTP Name Not Resolved. last error code = 12007 
06:33:49:502 [WARN]	Request Failed. ErrorCode: 112007 errorMessage: Platform Status, Send Request Failed. WinHTTP Name Not Resolved. last error code = 12007 
06:34:15:504 [WARN]	Request Failed. ErrorCode: 112007 errorMessage: Platform Status, Send Request Failed. WinHTTP Name Not Resolved. last error code = 12007 
06:34:49:507 [WARN]	Request Failed. ErrorCode: 112007 errorMessage: Platform Status, Send Request Failed. WinHTTP Name Not Resolved. last error code = 12007 
06:35:49:508 [WARN]	Request Failed. ErrorCode: 112007 errorMessage: Platform Status, Send Request Failed. WinHTTP Name Not Resolved. last error code = 12007 
06:36:47:508 [WARN]	Request Failed. ErrorCode: 112007 errorMessage: Platform Status, Send Request Failed. WinHTTP Name Not Resolved. last error code = 12007 
06:37:43:509 [WARN]	Request Failed. ErrorCode: 112007 errorMessage: Platform Status, Send Request Failed. WinHTTP Name Not Resolved. last error code = 12007 
06:38:27:518 [WARN]	Request Failed. ErrorCode: 112007 errorMessage: Platform Status, Send Request Failed. WinHTTP Name Not Resolved. last error code = 12007 
06:39:03:520 [WARN]	Request Failed. ErrorCode: 112007 errorMessage: Platform Status, Send Request Failed. WinHTTP Name Not Resolved. last error code = 12007 
06:39:39:525 [WARN]	Request Failed. ErrorCode: 112007 errorMessage: Platform Status, Send Request Failed. WinHTTP Name Not Resolved. last error code = 12007 
06:39:51:535 [WARN]	Request Failed. ErrorCode: 112007 errorMessage: Platform Status, Send Request Failed. WinHTTP Name Not Resolved. last error code = 12007 
06:40:49:541 [WARN]	Request Failed. ErrorCode: 112007 errorMessage: Platform Status, Send Request Failed. WinHTTP Name Not Resolved. last error code = 12007 
06:41:21:544 [WARN]	Request Failed. ErrorCode: 112007 errorMessage: Platform Status, Send Request Failed. WinHTTP Name Not Resolved. last error code = 12007 
06:41:29:555 [WARN]	Request Failed. ErrorCode: 112007 errorMessage: Platform Status, Send Request Failed. WinHTTP Name Not Resolved. last error code = 12007 
06:41:59:557 [WARN]	Request Failed. ErrorCode: 112007 errorMessage: Platform Status, Send Request Failed. WinHTTP Name Not Resolved. last error code = 12007 
06:42:19:567 [WARN]	Request Failed. ErrorCode: 112007 errorMessage: Platform Status, Send Request Failed. WinHTTP Name Not Resolved. last error code = 12007 
06:43:05:570 [WARN]	Request Failed. ErrorCode: 112007 errorMessage: Platform Status, Send Request Failed. WinHTTP Name Not Resolved. last error code = 12007 
06:43:09:573 [WARN]	Request Failed. ErrorCode: 112007 errorMessage: Platform Status, Send Request Failed. WinHTTP Name Not Resolved. last error code = 12007 
06:43:55:575 [WARN]	Request Failed. ErrorCode: 112007 errorMessage: Platform Status, Send Request Failed. WinHTTP Name Not Resolved. last error code = 12007 
06:44:11:578 [WARN]	Request Failed. ErrorCode: 112007 errorMessage: Platform Status, Send Request Failed. WinHTTP Name Not Resolved. last error code = 12007 
06:45:01:581 [WARN]	Request Failed. ErrorCode: 112007 errorMessage: Platform Status, Send Request Failed. WinHTTP Name Not Resolved. last error code = 12007 
06:45:25:590 [WARN]	Request Failed. ErrorCode: 112007 errorMessage: Platform Status, Send Request Failed. WinHTTP Name Not Resolved. last error code = 12007 
06:46:03:592 [WARN]	Request Failed. ErrorCode: 112007 errorMessage: Platform Status, Send Request Failed. WinHTTP Name Not Resolved. last error code = 12007 
06:46:25:594 [WARN]	Request Failed. ErrorCode: 112007 errorMessage: Platform Status, Send Request Failed. WinHTTP Name Not Resolved. last error code = 12007 
06:46:43:603 [WARN]	Request Failed. ErrorCode: 112007 errorMessage: Platform Status, Send Request Failed. WinHTTP Name Not Resolved. last error code = 12007 
06:47:19:605 [WARN]	Request Failed. ErrorCode: 112007 errorMessage: Platform Status, Send Request Failed. WinHTTP Name Not Resolved. last error code = 12007 
06:48:19:607 [WARN]	Request Failed. ErrorCode: 112007 errorMessage: Platform Status, Send Request Failed. WinHTTP Name Not Resolved. last error code = 12007 
06:48:57:610 [WARN]	Request Failed. ErrorCode: 112007 errorMessage: Platform Status, Send Request Failed. WinHTTP Name Not Resolved. last error code = 12007 
06:49:37:615 [WARN]	Request Failed. ErrorCode: 112007 errorMessage: Platform Status, Send Request Failed. WinHTTP Name Not Resolved. last error code = 12007 
06:50:37:623 [WARN]	Request Failed. ErrorCode: 112007 errorMessage: Platform Status, Send Request Failed. WinHTTP Name Not Resolved. last error code = 12007 
06:51:01:627 [WARN]	Request Failed. ErrorCode: 112007 errorMessage: Platform Status, Send Request Failed. WinHTTP Name Not Resolved. last error code = 12007 
06:51:41:631 [WARN]	Request Failed. ErrorCode: 112007 errorMessage: Platform Status, Send Request Failed. WinHTTP Name Not Resolved. last error code = 12007 
06:52:23:641 [WARN]	Request Failed. ErrorCode: 112007 errorMessage: Platform Status, Send Request Failed. WinHTTP Name Not Resolved. last error code = 12007 
06:53:03:644 [WARN]	Request Failed. ErrorCode: 112007 errorMessage: Platform Status, Send Request Failed. WinHTTP Name Not Resolved. last error code = 12007 
06:54:05:652 [WARN]	Request Failed. ErrorCode: 112007 errorMessage: Platform Status, Send Request Failed. WinHTTP Name Not Resolved. last error code = 12007 
06:54:45:661 [WARN]	Request Failed. ErrorCode: 112007 errorMessage: Platform Status, Send Request Failed. WinHTTP Name Not Resolved. last error code = 12007 
06:54:53:666 [WARN]	Request Failed. ErrorCode: 112007 errorMessage: Platform Status, Send Request Failed. WinHTTP Name Not Resolved. last error code = 12007 
06:55:43:669 [WARN]	Request Failed. ErrorCode: 112007 errorMessage: Platform Status, Send Request Failed. WinHTTP Name Not Resolved. last error code = 12007 
06:56:43:677 [WARN]	Request Failed. ErrorCode: 112007 errorMessage: Platform Status, Send Request Failed. WinHTTP Name Not Resolved. last error code = 12007 
06:57:25:680 [WARN]	Request Failed. ErrorCode: 112007 errorMessage: Platform Status, Send Request Failed. WinHTTP Name Not Resolved. last error code = 12007 
06:57:55:683 [WARN]	Request Failed. ErrorCode: 112007 errorMessage: Platform Status, Send Request Failed. WinHTTP Name Not Resolved. last error code = 12007 
06:58:31:685 [WARN]	Request Failed. ErrorCode: 112007 errorMessage: Platform Status, Send Request Failed. WinHTTP Name Not Resolved. last error code = 12007 
06:58:35:689 [WARN]	Request Failed. ErrorCode: 112007 errorMessage: Platform Status, Send Request Failed. WinHTTP Name Not Resolved. last error code = 12007 
06:59:15:691 [WARN]	Request Failed. ErrorCode: 112007 errorMessage: Platform Status, Send Request Failed. WinHTTP Name Not Resolved. last error code = 12007 
06:59:39:701 [WARN]	Request Failed. ErrorCode: 112007 errorMessage: Platform Status, Send Request Failed. WinHTTP Name Not Resolved. last error code = 12007 
07:00:09:712 [WARN]	Request Failed. ErrorCode: 112007 errorMessage: Platform Status, Send Request Failed. WinHTTP Name Not Resolved. last error code = 12007 
07:00:47:716 [WARN]	Request Failed. ErrorCode: 112007 errorMessage: Platform Status, Send Request Failed. WinHTTP Name Not Resolved. last error code = 12007 
07:01:19:721 [WARN]	Request Failed. ErrorCode: 112007 errorMessage: Platform Status, Send Request Failed. WinHTTP Name Not Resolved. last error code = 12007 
07:01:45:731 [WARN]	Request Failed. ErrorCode: 112007 errorMessage: Platform Status, Send Request Failed. WinHTTP Name Not Resolved. last error code = 12007 
07:02:01:744 [WARN]	Request Failed. ErrorCode: 112007 errorMessage: Platform Status, Send Request Failed. WinHTTP Name Not Resolved. last error code = 12007 
07:02:39:753 [WARN]	Request Failed. ErrorCode: 112007 errorMessage: Platform Status, Send Request Failed. WinHTTP Name Not Resolved. last error code = 12007 
07:03:09:757 [WARN]	Request Failed. ErrorCode: 112007 errorMessage: Platform Status, Send Request Failed. WinHTTP Name Not Resolved. last error code = 12007 
07:03:51:765 [WARN]	Request Failed. ErrorCode: 112007 errorMessage: Platform Status, Send Request Failed. WinHTTP Name Not Resolved. last error code = 12007 
07:04:03:769 [WARN]	Request Failed. ErrorCode: 112007 errorMessage: Platform Status, Send Request Failed. WinHTTP Name Not Resolved. last error code = 12007 
07:04:53:778 [WARN]	Request Failed. ErrorCode: 112007 errorMessage: Platform Status, Send Request Failed. WinHTTP Name Not Resolved. last error code = 12007 
07:05:51:780 [WARN]	Request Failed. ErrorCode: 112007 errorMessage: Platform Status, Send Request Failed. WinHTTP Name Not Resolved. last error code = 12007 
07:06:11:793 [WARN]	Request Failed. ErrorCode: 112007 errorMessage: Platform Status, Send Request Failed. WinHTTP Name Not Resolved. last error code = 12007 
07:06:21:797 [WARN]	Request Failed. ErrorCode: 112007 errorMessage: Platform Status, Send Request Failed. WinHTTP Name Not Resolved. last error code = 12007 
07:06:21:800 [WARN]	Request Failed. ErrorCode: 112007 errorMessage: Platform Status, Send Request Failed. WinHTTP Name Not Resolved. last error code = 12007 
07:07:07:809 [WARN]	Request Failed. ErrorCode: 112007 errorMessage: Platform Status, Send Request Failed. WinHTTP Name Not Resolved. last error code = 12007 
07:07:29:819 [WARN]	Request Failed. ErrorCode: 112007 errorMessage: Platform Status, Send Request Failed. WinHTTP Name Not Resolved. last error code = 12007 
07:08:17:825 [WARN]	Request Failed. ErrorCode: 112007 errorMessage: Platform Status, Send Request Failed. WinHTTP Name Not Resolved. last error code = 12007 
07:08:19:829 [WARN]	Request Failed. ErrorCode: 112007 errorMessage: Platform Status, Send Request Failed. WinHTTP Name Not Resolved. last error code = 12007 
07:08:33:839 [WARN]	Request Failed. ErrorCode: 112007 errorMessage: Platform Status, Send Request Failed. WinHTTP Name Not Resolved. last error code = 12007 
07:08:41:842 [WARN]	Request Failed. ErrorCode: 112007 errorMessage: Platform Status, Send Request Failed. WinHTTP Name Not Resolved. last error code = 12007 
07:09:09:845 [WARN]	Request Failed. ErrorCode: 112007 errorMessage: Platform Status, Send Request Failed. WinHTTP Name Not Resolved. last error code = 12007 
07:10:11:850 [WARN]	Request Failed. ErrorCode: 112007 errorMessage: Platform Status, Send Request Failed. WinHTTP Name Not Resolved. last error code = 12007 
07:10:43:860 [WARN]	Request Failed. ErrorCode: 112007 errorMessage: Platform Status, Send Request Failed. WinHTTP Name Not Resolved. last error code = 12007 
07:10:43:863 [WARN]	Request Failed. ErrorCode: 112007 errorMessage: Platform Status, Send Request Failed. WinHTTP Name Not Resolved. last error code = 12007 
07:11:23:866 [WARN]	Request Failed. ErrorCode: 112007 errorMessage: Platform Status, Send Request Failed. WinHTTP Name Not Resolved. last error code = 12007 
07:11:25:870 [WARN]	Request Failed. ErrorCode: 112007 errorMessage: Platform Status, Send Request Failed. WinHTTP Name Not Resolved. last error code = 12007 
07:11:51:882 [WARN]	Request Failed. ErrorCode: 112007 errorMessage: Platform Status, Send Request Failed. WinHTTP Name Not Resolved. last error code = 12007 
07:12:51:885 [WARN]	Request Failed. ErrorCode: 112007 errorMessage: Platform Status, Send Request Failed. WinHTTP Name Not Resolved. last error code = 12007 
07:13:45:894 [WARN]	Request Failed. ErrorCode: 112007 errorMessage: Platform Status, Send Request Failed. WinHTTP Name Not Resolved. last error code = 12007 
07:13:55:896 [WARN]	Request Failed. ErrorCode: 112007 errorMessage: Platform Status, Send Request Failed. WinHTTP Name Not Resolved. last error code = 12007 
07:14:37:900 [WARN]	Request Failed. ErrorCode: 112007 errorMessage: Platform Status, Send Request Failed. WinHTTP Name Not Resolved. last error code = 12007 
07:14:51:912 [WARN]	Request Failed. ErrorCode: 112007 errorMessage: Platform Status, Send Request Failed. WinHTTP Name Not Resolved. last error code = 12007 
07:15:45:913 [WARN]	Request Failed. ErrorCode: 112007 errorMessage: Platform Status, Send Request Failed. WinHTTP Name Not Resolved. last error code = 12007 
07:16:23:916 [WARN]	Request Failed. ErrorCode: 112007 errorMessage: Platform Status, Send Request Failed. WinHTTP Name Not Resolved. last error code = 12007 
07:16:27:920 [WARN]	Request Failed. ErrorCode: 112007 errorMessage: Platform Status, Send Request Failed. WinHTTP Name Not Resolved. last error code = 12007 
07:17:29:932 [WARN]	Request Failed. ErrorCode: 112007 errorMessage: Platform Status, Send Request Failed. WinHTTP Name Not Resolved. last error code = 12007 
07:18:17:936 [WARN]	Request Failed. ErrorCode: 112007 errorMessage: Platform Status, Send Request Failed. WinHTTP Name Not Resolved. last error code = 12007 
07:18:49:939 [WARN]	Request Failed. ErrorCode: 112007 errorMessage: Platform Status, Send Request Failed. WinHTTP Name Not Resolved. last error code = 12007 
07:19:25:951 [WARN]	Request Failed. ErrorCode: 112007 errorMessage: Platform Status, Send Request Failed. WinHTTP Name Not Resolved. last error code = 12007 
07:20:17:955 [WARN]	Request Failed. ErrorCode: 112007 errorMessage: Platform Status, Send Request Failed. WinHTTP Name Not Resolved. last error code = 12007 
07:20:25:965 [WARN]	Request Failed. ErrorCode: 112007 errorMessage: Platform Status, Send Request Failed. WinHTTP Name Not Resolved. last error code = 12007 
07:21:05:969 [WARN]	Request Failed. ErrorCode: 112007 errorMessage: Platform Status, Send Request Failed. WinHTTP Name Not Resolved. last error code = 12007 
07:21:33:972 [WARN]	Request Failed. ErrorCode: 112007 errorMessage: Platform Status, Send Request Failed. WinHTTP Name Not Resolved. last error code = 12007 
07:22:07:981 [WARN]	Request Failed. ErrorCode: 112007 errorMessage: Platform Status, Send Request Failed. WinHTTP Name Not Resolved. last error code = 12007 
07:22:17:984 [WARN]	Request Failed. ErrorCode: 112007 errorMessage: Platform Status, Send Request Failed. WinHTTP Name Not Resolved. last error code = 12007 
07:23:17:988 [WARN]	Request Failed. ErrorCode: 112007 errorMessage: Platform Status, Send Request Failed. WinHTTP Name Not Resolved. last error code = 12007 
07:23:35:991 [WARN]	Request Failed. ErrorCode: 112007 errorMessage: Platform Status, Send Request Failed. WinHTTP Name Not Resolved. last error code = 12007 
07:24:18:000 [WARN]	Request Failed. ErrorCode: 112007 errorMessage: Platform Status, Send Request Failed. WinHTTP Name Not Resolved. last error code = 12007 
07:25:06:010 [WARN]	Request Failed. ErrorCode: 112007 errorMessage: Platform Status, Send Request Failed. WinHTTP Name Not Resolved. last error code = 12007 
07:25:18:013 [WARN]	Request Failed. ErrorCode: 112007 errorMessage: Platform Status, Send Request Failed. WinHTTP Name Not Resolved. last error code = 12007 
07:25:38:017 [WARN]	Request Failed. ErrorCode: 112007 errorMessage: Platform Status, Send Request Failed. WinHTTP Name Not Resolved. last error code = 12007 
07:25:46:022 [WARN]	Request Failed. ErrorCode: 112007 errorMessage: Platform Status, Send Request Failed. WinHTTP Name Not Resolved. last error code = 12007 
07:26:30:032 [WARN]	Request Failed. ErrorCode: 112007 errorMessage: Platform Status, Send Request Failed. WinHTTP Name Not Resolved. last error code = 12007 
07:27:08:042 [WARN]	Request Failed. ErrorCode: 112007 errorMessage: Platform Status, Send Request Failed. WinHTTP Name Not Resolved. last error code = 12007 
07:27:36:044 [WARN]	Request Failed. ErrorCode: 112007 errorMessage: Platform Status, Send Request Failed. WinHTTP Name Not Resolved. last error code = 12007 
07:28:26:053 [WARN]	Request Failed. ErrorCode: 112007 errorMessage: Platform Status, Send Request Failed. WinHTTP Name Not Resolved. last error code = 12007 
07:29:10:056 [WARN]	Request Failed. ErrorCode: 112007 errorMessage: Platform Status, Send Request Failed. WinHTTP Name Not Resolved. last error code = 12007 
07:29:40:065 [WARN]	Request Failed. ErrorCode: 112007 errorMessage: Platform Status, Send Request Failed. WinHTTP Name Not Resolved. last error code = 12007 
07:29:54:070 [WARN]	Request Failed. ErrorCode: 112007 errorMessage: Platform Status, Send Request Failed. WinHTTP Name Not Resolved. last error code = 12007 
07:30:10:074 [WARN]	Request Failed. ErrorCode: 112007 errorMessage: Platform Status, Send Request Failed. WinHTTP Name Not Resolved. last error code = 12007 
07:30:50:078 [WARN]	Request Failed. ErrorCode: 112007 errorMessage: Platform Status, Send Request Failed. WinHTTP Name Not Resolved. last error code = 12007 
07:31:36:081 [WARN]	Request Failed. ErrorCode: 112007 errorMessage: Platform Status, Send Request Failed. WinHTTP Name Not Resolved. last error code = 12007 
07:31:56:083 [WARN]	Request Failed. ErrorCode: 112007 errorMessage: Platform Status, Send Request Failed. WinHTTP Name Not Resolved. last error code = 12007 
07:32:16:087 [WARN]	Request Failed. ErrorCode: 112007 errorMessage: Platform Status, Send Request Failed. WinHTTP Name Not Resolved. last error code = 12007 
07:32:48:097 [WARN]	Request Failed. ErrorCode: 112007 errorMessage: Platform Status, Send Request Failed. WinHTTP Name Not Resolved. last error code = 12007 
07:33:34:101 [WARN]	Request Failed. ErrorCode: 112007 errorMessage: Platform Status, Send Request Failed. WinHTTP Name Not Resolved. last error code = 12007 
07:33:50:112 [WARN]	Request Failed. ErrorCode: 112007 errorMessage: Platform Status, Send Request Failed. WinHTTP Name Not Resolved. last error code = 12007 
07:34:34:123 [WARN]	Request Failed. ErrorCode: 112007 errorMessage: Platform Status, Send Request Failed. WinHTTP Name Not Resolved. last error code = 12007 
07:35:26:133 [WARN]	Request Failed. ErrorCode: 112007 errorMessage: Platform Status, Send Request Failed. WinHTTP Name Not Resolved. last error code = 12007 
07:36:10:141 [WARN]	Request Failed. ErrorCode: 112007 errorMessage: Platform Status, Send Request Failed. WinHTTP Name Not Resolved. last error code = 12007 
07:37:04:151 [WARN]	Request Failed. ErrorCode: 112007 errorMessage: Platform Status, Send Request Failed. WinHTTP Name Not Resolved. last error code = 12007 
07:37:38:154 [WARN]	Request Failed. ErrorCode: 112007 errorMessage: Platform Status, Send Request Failed. WinHTTP Name Not Resolved. last error code = 12007 
07:38:04:157 [WARN]	Request Failed. ErrorCode: 112007 errorMessage: Platform Status, Send Request Failed. WinHTTP Name Not Resolved. last error code = 12007 
07:38:32:166 [WARN]	Request Failed. ErrorCode: 112007 errorMessage: Platform Status, Send Request Failed. WinHTTP Name Not Resolved. last error code = 12007 
07:38:40:170 [WARN]	Request Failed. ErrorCode: 112007 errorMessage: Platform Status, Send Request Failed. WinHTTP Name Not Resolved. last error code = 12007 
07:38:56:174 [WARN]	Request Failed. ErrorCode: 112007 errorMessage: Platform Status, Send Request Failed. WinHTTP Name Not Resolved. last error code = 12007 
07:39:46:183 [WARN]	Request Failed. ErrorCode: 112007 errorMessage: Platform Status, Send Request Failed. WinHTTP Name Not Resolved. last error code = 12007 
07:40:46:192 [WARN]	Request Failed. ErrorCode: 112007 errorMessage: Platform Status, Send Request Failed. WinHTTP Name Not Resolved. last error code = 12007 
07:41:22:196 [WARN]	Request Failed. ErrorCode: 112007 errorMessage: Platform Status, Send Request Failed. WinHTTP Name Not Resolved. last error code = 12007 
07:42:16:200 [WARN]	Request Failed. ErrorCode: 112007 errorMessage: Platform Status, Send Request Failed. WinHTTP Name Not Resolved. last error code = 12007 
07:42:26:203 [WARN]	Request Failed. ErrorCode: 112007 errorMessage: Platform Status, Send Request Failed. WinHTTP Name Not Resolved. last error code = 12007 
07:42:32:207 [WARN]	Request Failed. ErrorCode: 112007 errorMessage: Platform Status, Send Request Failed. WinHTTP Name Not Resolved. last error code = 12007 
07:42:42:216 [WARN]	Request Failed. ErrorCode: 112007 errorMessage: Platform Status, Send Request Failed. WinHTTP Name Not Resolved. last error code = 12007 
07:43:38:220 [WARN]	Request Failed. ErrorCode: 112007 errorMessage: Platform Status, Send Request Failed. WinHTTP Name Not Resolved. last error code = 12007 
07:44:18:224 [WARN]	Request Failed. ErrorCode: 112007 errorMessage: Platform Status, Send Request Failed. WinHTTP Name Not Resolved. last error code = 12007 
07:44:28:234 [WARN]	Request Failed. ErrorCode: 112007 errorMessage: Platform Status, Send Request Failed. WinHTTP Name Not Resolved. last error code = 12007 
07:45:06:237 [WARN]	Request Failed. ErrorCode: 112007 errorMessage: Platform Status, Send Request Failed. WinHTTP Name Not Resolved. last error code = 12007 
07:45:54:243 [WARN]	Request Failed. ErrorCode: 112007 errorMessage: Platform Status, Send Request Failed. WinHTTP Name Not Resolved. last error code = 12007 
07:46:10:248 [WARN]	Request Failed. ErrorCode: 112007 errorMessage: Platform Status, Send Request Failed. WinHTTP Name Not Resolved. last error code = 12007 
07:46:38:255 [WARN]	Request Failed. ErrorCode: 112007 errorMessage: Platform Status, Send Request Failed. WinHTTP Name Not Resolved. last error code = 12007 
07:47:00:265 [WARN]	Request Failed. ErrorCode: 112007 errorMessage: Platform Status, Send Request Failed. WinHTTP Name Not Resolved. last error code = 12007 
07:47:42:269 [WARN]	Request Failed. ErrorCode: 112007 errorMessage: Platform Status, Send Request Failed. WinHTTP Name Not Resolved. last error code = 12007 
07:47:52:273 [WARN]	Request Failed. ErrorCode: 112007 errorMessage: Platform Status, Send Request Failed. WinHTTP Name Not Resolved. last error code = 12007 
07:47:52:276 [WARN]	Request Failed. ErrorCode: 112007 errorMessage: Platform Status, Send Request Failed. WinHTTP Name Not Resolved. last error code = 12007 
07:48:42:285 [WARN]	Request Failed. ErrorCode: 112007 errorMessage: Platform Status, Send Request Failed. WinHTTP Name Not Resolved. last error code = 12007 
07:49:40:288 [WARN]	Request Failed. ErrorCode: 112007 errorMessage: Platform Status, Send Request Failed. WinHTTP Name Not Resolved. last error code = 12007 
07:50:26:299 [WARN]	Request Failed. ErrorCode: 112007 errorMessage: Platform Status, Send Request Failed. WinHTTP Name Not Resolved. last error code = 12007 
07:50:40:303 [WARN]	Request Failed. ErrorCode: 112007 errorMessage: Platform Status, Send Request Failed. WinHTTP Name Not Resolved. last error code = 12007 
07:51:00:307 [WARN]	Request Failed. ErrorCode: 112007 errorMessage: Platform Status, Send Request Failed. WinHTTP Name Not Resolved. last error code = 12007 
07:51:50:316 [WARN]	Request Failed. ErrorCode: 112007 errorMessage: Platform Status, Send Request Failed. WinHTTP Name Not Resolved. last error code = 12007 
07:52:34:320 [WARN]	Request Failed. ErrorCode: 112007 errorMessage: Platform Status, Send Request Failed. WinHTTP Name Not Resolved. last error code = 12007 
07:53:00:324 [WARN]	Request Failed. ErrorCode: 112007 errorMessage: Platform Status, Send Request Failed. WinHTTP Name Not Resolved. last error code = 12007 
07:53:32:329 [WARN]	Request Failed. ErrorCode: 112007 errorMessage: Platform Status, Send Request Failed. WinHTTP Name Not Resolved. last error code = 12007 
07:53:36:333 [WARN]	Request Failed. ErrorCode: 112007 errorMessage: Platform Status, Send Request Failed. WinHTTP Name Not Resolved. last error code = 12007 
07:53:54:336 [WARN]	Request Failed. ErrorCode: 112007 errorMessage: Platform Status, Send Request Failed. WinHTTP Name Not Resolved. last error code = 12007 
07:54:20:345 [WARN]	Request Failed. ErrorCode: 112007 errorMessage: Platform Status, Send Request Failed. WinHTTP Name Not Resolved. last error code = 12007 
07:54:36:355 [WARN]	Request Failed. ErrorCode: 112007 errorMessage: Platform Status, Send Request Failed. WinHTTP Name Not Resolved. last error code = 12007 
07:55:16:360 [WARN]	Request Failed. ErrorCode: 112007 errorMessage: Platform Status, Send Request Failed. WinHTTP Name Not Resolved. last error code = 12007 
07:55:34:363 [WARN]	Request Failed. ErrorCode: 112007 errorMessage: Platform Status, Send Request Failed. WinHTTP Name Not Resolved. last error code = 12007 
07:55:54:373 [WARN]	Request Failed. ErrorCode: 112007 errorMessage: Platform Status, Send Request Failed. WinHTTP Name Not Resolved. last error code = 12007 
07:56:44:382 [WARN]	Request Failed. ErrorCode: 112007 errorMessage: Platform Status, Send Request Failed. WinHTTP Name Not Resolved. last error code = 12007 
07:56:54:385 [WARN]	Request Failed. ErrorCode: 112007 errorMessage: Platform Status, Send Request Failed. WinHTTP Name Not Resolved. last error code = 12007 
07:57:10:389 [WARN]	Request Failed. ErrorCode: 112007 errorMessage: Platform Status, Send Request Failed. WinHTTP Name Not Resolved. last error code = 12007 
07:57:12:395 [WARN]	Request Failed. ErrorCode: 112007 errorMessage: Platform Status, Send Request Failed. WinHTTP Name Not Resolved. last error code = 12007 
07:57:12:398 [WARN]	Request Failed. ErrorCode: 112007 errorMessage: Platform Status, Send Request Failed. WinHTTP Name Not Resolved. last error code = 12007 
07:57:52:407 [WARN]	Request Failed. ErrorCode: 112007 errorMessage: Platform Status, Send Request Failed. WinHTTP Name Not Resolved. last error code = 12007 
07:58:26:417 [WARN]	Request Failed. ErrorCode: 112007 errorMessage: Platform Status, Send Request Failed. WinHTTP Name Not Resolved. last error code = 12007 
07:59:20:421 [WARN]	Request Failed. ErrorCode: 112007 errorMessage: Platform Status, Send Request Failed. WinHTTP Name Not Resolved. last error code = 12007 
07:59:40:424 [WARN]	Request Failed. ErrorCode: 112007 errorMessage: Platform Status, Send Request Failed. WinHTTP Name Not Resolved. last error code = 12007 
07:59:50:428 [WARN]	Request Failed. ErrorCode: 112007 errorMessage: Platform Status, Send Request Failed. WinHTTP Name Not Resolved. last error code = 12007 
08:00:24:439 [WARN]	Request Failed. ErrorCode: 112007 errorMessage: Platform Status, Send Request Failed. WinHTTP Name Not Resolved. last error code = 12007 
08:00:40:443 [WARN]	Request Failed. ErrorCode: 112007 errorMessage: Platform Status, Send Request Failed. WinHTTP Name Not Resolved. last error code = 12007 
08:00:42:447 [WARN]	Request Failed. ErrorCode: 112007 errorMessage: Platform Status, Send Request Failed. WinHTTP Name Not Resolved. last error code = 12007 
08:01:06:458 [WARN]	Request Failed. ErrorCode: 112007 errorMessage: Platform Status, Send Request Failed. WinHTTP Name Not Resolved. last error code = 12007 
08:01:50:462 [WARN]	Request Failed. ErrorCode: 112007 errorMessage: Platform Status, Send Request Failed. WinHTTP Name Not Resolved. last error code = 12007 
08:02:08:465 [WARN]	Request Failed. ErrorCode: 112007 errorMessage: Platform Status, Send Request Failed. WinHTTP Name Not Resolved. last error code = 12007 
08:02:30:470 [WARN]	Request Failed. ErrorCode: 112007 errorMessage: Platform Status, Send Request Failed. WinHTTP Name Not Resolved. last error code = 12007 
08:02:44:473 [WARN]	Request Failed. ErrorCode: 112007 errorMessage: Platform Status, Send Request Failed. WinHTTP Name Not Resolved. last error code = 12007 
